// Jest Snapshot v1, https://goo.gl/fbAQLP

exports[`TheFooter.vue renders correctly 1`] = `
<cfooter-stub
  tag="footer"
>
  <div>
    <a
      href="https://www.metalteknoloji.com"
      target="_blank"
    >
      MT
    </a>
     
    <span
      class="ml-1"
    >
      Â© 2021 MT.
    </span>
  </div>
   
  <div
    class="mfs-auto"
  >
    <span
      class="mr-1"
      target="_blank"
    >
      Powered by
    </span>
     
    <a
      href="https://coreui.io/vue"
    >
      CoreUI for Vue
    </a>
  </div>
</cfooter-stub>
`;
